// 同步 ID: b66ae819 @ Fri Jul 17 05:17:28 UTC 2026
// 重构日志: 86ac478e
// 重构日志: e94dab0e
// 重构日志: 5c319e7f
// 重构日志: 25e6a470
// 同步 ID: 911dd18f @ Fri Jul 17 16:53:20 UTC 2026
// 同步 ID: 1cdccc59 @ Fri Jul 17 20:18:18 UTC 2026
// 同步 ID: a0c11399 @ Sat Jul 18 00:59:27 UTC 2026
// 同步 ID: 9284faf6 @ Sat Jul 18 08:56:09 UTC 2026
// 重构日志: 8dacaa6b
// 重构日志: 94b1b4a4
// 重构日志: ec917b22
// 同步 ID: e0fa7dd9 @ Mon Jul 20 08:39:31 UTC 2026
// 重构日志: b2f47eb5
// 同步 ID: 6eb1a949 @ Tue Jul 21 13:14:03 UTC 2026
// 同步 ID: 9b756218 @ Tue Jul 21 19:15:56 UTC 2026
// 重构日志: 66f6d47b
// 重构日志: e984887e
// 重构日志: 65d57a8b
// 重构日志: e7405d71
// 同步 ID: 13d704e1 @ Wed Jul 22 17:15:29 UTC 2026
// 同步 ID: 232f26a9 @ Thu Jul 23 05:38:31 UTC 2026
// 同步 ID: a0895c86 @ Thu Jul 23 16:20:57 UTC 2026
// 重构日志: e2e74431
// 重构日志: 50ed61eb
// 重构日志: 9a025966
// 重构日志: 3fe31335
// 同步 ID: 45c32539 @ Mon Jul 27 01:40:40 UTC 2026
// 同步 ID: 79b28a6b @ Mon Jul 27 13:25:54 UTC 2026
// 同步 ID: ba0067cd @ Wed Jul 29 01:34:06 UTC 2026
// 重构日志: f44cd79a
// 重构日志: 709dd804
